Creating a planet with:

10 continents
continent size: 30
number of islands: 10
average size of islands: 15
spike: 10%
0% of land is mountain (each continent will have 0 mountains)
minimum distance between continents: 2
minimum distance from islands to continents: 1
World dimensions: 64x32

        #*# ...fairland rips open a rift in the datumplane... #*#

seed is 1
placing capitals...
growing continents...
growing islands: 1(11) 2(25) 3(9) 4(21) 5(29) 6(16) 7(23) 8(18) 9(7) 10(4)
elevating land...
designating sectors...
adding resources...
setting coastal flags...
writing to sectors file...

. e e e e e . % % % % . . # # i i . . . . . % % % % . . . % % .
 . e e e . e . % % % % . i i i i . . . . . . % % . . . . . % % %
% . . . . . . % % % . . i i i i . . g g g . . . . . . . . % % %
 % . % % % % . . . . . . i i i . . g g g g . . . . . . . % % % %
% . % % % % % % % % . . . i i . . g g g g g g . . . . % % % . .
 . % % % . . . % . . . . i i . . g g g # # g g . % % . % % . b .
b . % % . . a . . a a . . . . % . g g g g g . . % % . . . . b b
 b . . . . a a a a a . . . . % % . g g g g . . . . . . b b b b b
b b . . . a a # # . . . . . % % % . . . . g . . . . . b b # # b
 b . . . a a a a a a . . . % % % % % % % . . . . . . b b b b b b
. . . . . . a a a a a a . . % % % % % % % % % . . . . b b b b .
 . . . . . a a a a a a . . . % % % % % % % . . . . . . . b b . .
. . . . . . . . . . . . . . . . . . . . . . d . . . . . . . . .
 . . . . . . . . . . . . . . . % % % % % . . d . . . . . . . . .
. . . . . . . . . . % % % % . . % % % % . d . d d d . . . . . .
 . . j . . . . . % % % % % . . % % % % . d d d d d . . . . . . .
. j j j j j j . % % % % . . . . % % % . d d d # # d . . . . . .
 j j j j j j . . % % % . . . . . % % % . d d d d d d . . . . . .
j j j # # j j j . . . . . . . . % . % % . d d d d d . . h h . .
 j j j j j . . . . . f f . . . . . . % . . d . . d . . . h h . .
. j j j j . . . . . . f f f f f . . . . . . . . . . . . . h h .
 . . . . . . . . f f f f f f f . . . . . . . . . . . . . . h h .
. . . . . . . . . . f f f f . . . . . c c . . . . . . . . h h h
 h h h . . . . . . f f # # f . . . . . c c c c . . . . . # # h h
h . . . . . . . . . f f f f f . . . . . c c c . . . % % . h h h
 . . . . . . . . . . . . . f f . . . c # # c . . . . % . h h h h
h . . . . . . . . . . . . . . . . . c c c c c c . % % % . h h h
 . . . . e e . % % % . . . . . . . . c c c c c . . % % . . . . .
. . . e e e e . % % . . . . . . . . . c c c c . . . % % . % % .
 . . e # # e . % % . . . . . i . . . . . c c . . . . % . % % % .
. . e e e e e . % % % . i i i i i . . . . . . . . . . . . . % %
 e e e e e e . % % % % . i i i i i . . . . . . % % % . . % . . .

A script for adding all the countries can be found in "sandbox/newcap_script".
